[dotenv@17.3.1] injecting env (0) from .env -- tip: ΓÜÖ∩╕Å  specify custom .env file path with { path: '/custom/path/.env' }
[dotenv@17.3.1] injecting env (0) from .env -- tip: ≡ƒ¢á∩╕Å  run anywhere with `dotenvx run -- yourcommand`
[dotenv@17.3.1] injecting env (0) from .env -- tip: ΓÜÖ∩╕Å  override existing env vars with { override: true }
node : Failed to 
sync database: Error
At line:1 char:1
+ node server.js > 
error_log.txt 2>&1
+ ~~~~~~~~~~~~~~~~~~~
~~~~~~~~~~~~~~~~
    + CategoryInfo   
           : NotSpe  
  cified: (Failed    
 to sync database    
: Error:String)     
[], RemoteExcept    
ion
    + FullyQualified 
   ErrorId : Native  
  CommandError
 
    at Query.run (D:\
ai-nursing-app\backen
d\node_modules\sequel
ize\lib\dialects\mysq
l\query.js:52:25)
    at D:\ai-nursing-
app\backend\node_modu
les\sequelize\lib\seq
uelize.js:315:28
    at process.proces
sTicksAndRejections (
node:internal/process
/task_queues:105:5)
    at async 
User.sync (D:\ai-nurs
ing-app\backend\node_
modules\sequelize\lib
\model.js:984:11)
    at async 
Sequelize.sync (D:\ai
-nursing-app\backend\
node_modules\sequeliz
e\lib\sequelize.js:37
7:9) {
  name: 'SequelizeDat
abaseError',
  parent: Error: Too 
many keys specified; 
max 64 keys allowed
      at 
Packet.asError (D:\ai
-nursing-app\backend\
node_modules\mysql2\l
ib\packets\packet.js:
739:17)
      at 
Query.execute (D:\ai-
nursing-app\backend\n
ode_modules\mysql2\li
b\commands\command.js
:29:26)
      at Connection.h
andlePacket (D:\ai-nu
rsing-app\backend\nod
e_modules\mysql2\lib\
base\connection.js:50
8:34)
      at PacketParser
.onPacket (D:\ai-nurs
ing-app\backend\node_
modules\mysql2\lib\ba
se\connection.js:93:1
2)
      at PacketParser
.executeStart (D:\ai-
nursing-app\backend\n
ode_modules\mysql2\li
b\packet_parser.js:75
:16)
      at 
Socket.<anonymous> (D
:\ai-nursing-app\back
end\node_modules\mysq
l2\lib\base\connectio
n.js:100:25)
      at Socket.emit 
(node:events:524:28)
      at addChunk (no
de:internal/streams/r
eadable:561:12)
      at readableAddC
hunkPushByteMode (nod
e:internal/streams/re
adable:512:3)
      at 
Readable.push (node:i
nternal/streams/reada
ble:392:5) {
    code: 
'ER_TOO_MANY_KEYS',
    errno: 1069,
    sqlState: 
'42000',
    sqlMessage: 'Too 
many keys specified; 
max 64 keys allowed',
    sql: 'ALTER 
TABLE `Users` CHANGE 
`username` 
`username` 
VARCHAR(255) NOT 
NULL UNIQUE;',
    parameters: 
undefined
  },
  original: Error: 
Too many keys 
specified; max 64 
keys allowed
      at 
Packet.asError (D:\ai
-nursing-app\backend\
node_modules\mysql2\l
ib\packets\packet.js:
739:17)
      at 
Query.execute (D:\ai-
nursing-app\backend\n
ode_modules\mysql2\li
b\commands\command.js
:29:26)
      at Connection.h
andlePacket (D:\ai-nu
rsing-app\backend\nod
e_modules\mysql2\lib\
base\connection.js:50
8:34)
      at PacketParser
.onPacket (D:\ai-nurs
ing-app\backend\node_
modules\mysql2\lib\ba
se\connection.js:93:1
2)
      at PacketParser
.executeStart (D:\ai-
nursing-app\backend\n
ode_modules\mysql2\li
b\packet_parser.js:75
:16)
      at 
Socket.<anonymous> (D
:\ai-nursing-app\back
end\node_modules\mysq
l2\lib\base\connectio
n.js:100:25)
      at Socket.emit 
(node:events:524:28)
      at addChunk (no
de:internal/streams/r
eadable:561:12)
      at readableAddC
hunkPushByteMode (nod
e:internal/streams/re
adable:512:3)
      at 
Readable.push (node:i
nternal/streams/reada
ble:392:5) {
    code: 
'ER_TOO_MANY_KEYS',
    errno: 1069,
    sqlState: 
'42000',
    sqlMessage: 'Too 
many keys specified; 
max 64 keys allowed',
    sql: 'ALTER 
TABLE `Users` CHANGE 
`username` 
`username` 
VARCHAR(255) NOT 
NULL UNIQUE;',
    parameters: 
undefined
  },
  sql: 'ALTER TABLE 
`Users` CHANGE 
`username` 
`username` 
VARCHAR(255) NOT 
NULL UNIQUE;',
  parameters: {}
}
